// Vitest Snapshot v1, https://vitest.dev/guide/snapshot.html

exports[`accountsHandler > accountsHandler response shape matches snapshot 1`] = `
[
  {
    "balance": 1234500,
    "cashbackType": "UAH",
    "creditLimit": 0,
    "currencyCode": 980,
    "iban": "UA213223130000026007233566001",
    "lastSeenAt": "2025-06-15T10:30:00.000Z",
    "maskedPan": [
      "5375****1234",
    ],
    "monoAccountId": "acct_black",
    "sendId": "send_abc",
    "type": "black",
    "userId": "user_1",
  },
  {
    "balance": -50000,
    "cashbackType": null,
    "creditLimit": 10000000,
    "currencyCode": 840,
    "iban": null,
    "lastSeenAt": "2025-06-15T09:00:00.000Z",
    "maskedPan": [
      "4111****5678",
    ],
    "monoAccountId": "acct_white",
    "sendId": null,
    "type": "white",
    "userId": "user_1",
  },
  {
    "balance": null,
    "cashbackType": null,
    "creditLimit": null,
    "currencyCode": 980,
    "iban": "UA543210000000260099887766",
    "lastSeenAt": "2025-06-14T18:00:00.000Z",
    "maskedPan": [],
    "monoAccountId": "acct_fop",
    "sendId": null,
    "type": "fop",
    "userId": "user_1",
  },
]
`;

exports[`transactionsHandler > transactionsHandler response shape matches snapshot 1`] = `
{
  "data": [
    {
      "amount": -8900,
      "balance": 4567800,
      "cashbackAmount": 89,
      "categoryOverridden": false,
      "categorySlug": "groceries",
      "comment": "продукти",
      "commissionRate": 0,
      "counterEdrpou": "12345678",
      "counterIban": "UA111222333444555666777888999",
      "counterName": "ТОВ АТБ-МАРКЕТ",
      "currencyCode": 980,
      "description": "АТБ-Маркет",
      "hold": false,
      "invoiceId": null,
      "mcc": 5411,
      "monoAccountId": "acct_black",
      "monoTxId": "AbCdEfGhIj",
      "operationAmount": -8900,
      "originalMcc": 5411,
      "receiptId": "XXXX-XXXX-XXXX-XXXX",
      "receivedAt": "2025-06-15T14:23:12.000Z",
      "source": "webhook",
      "time": "2025-06-15T14:23:11.000Z",
      "userId": "user_1",
    },
    {
      "amount": -250000,
      "balance": 4817800,
      "cashbackAmount": null,
      "categoryOverridden": true,
      "categorySlug": null,
      "comment": null,
      "commissionRate": null,
      "counterEdrpou": null,
      "counterIban": null,
      "counterName": "Іваненко Петро",
      "currencyCode": 980,
      "description": "Переказ на картку",
      "hold": true,
      "invoiceId": null,
      "mcc": 4829,
      "monoAccountId": "acct_black",
      "monoTxId": "KlMnOpQrSt",
      "operationAmount": -250000,
      "originalMcc": null,
      "receiptId": null,
      "receivedAt": "2025-06-15T12:00:00.000Z",
      "source": "backfill",
      "time": "2025-06-15T11:05:00.000Z",
      "userId": "user_1",
    },
  ],
  "nextCursor": null,
}
`;
