// Vitest Snapshot v1, https://vitest.dev/guide/snapshot.html

exports[`registerRoutes > mounts the stable set of /api/* endpoints (snapshot) 1`] = `
[
  "_ALL /api/auth/*",
  "_ALL /api/privat",
  "DELETE /api/push/subscribe",
  "GET /api/barcode",
  "GET /api/coach/memory",
  "GET /api/food-search",
  "GET /api/internal/prompts/:namespace/:slug",
  "GET /api/me",
  "GET /api/mono/accounts",
  "GET /api/mono/sync-state",
  "GET /api/mono/transactions",
  "GET /api/push/vapid-public",
  "GET /api/sync/pull-all",
  "GET /health",
  "GET /healthz",
  "GET /livez",
  "GET /metrics",
  "GET /readyz",
  "POST /api/chat",
  "POST /api/coach/insight",
  "POST /api/coach/memory",
  "POST /api/internal/ai-usage",
  "POST /api/internal/billing/downgrade",
  "POST /api/internal/billing/upgrade",
  "POST /api/internal/categorize",
  "POST /api/metrics/web-vitals",
  "POST /api/mono/backfill",
  "POST /api/mono/connect",
  "POST /api/mono/disconnect",
  "POST /api/mono/webhook/:secret",
  "POST /api/nutrition/analyze-photo",
  "POST /api/nutrition/backup-download",
  "POST /api/nutrition/backup-upload",
  "POST /api/nutrition/day-hint",
  "POST /api/nutrition/day-plan",
  "POST /api/nutrition/parse-pantry",
  "POST /api/nutrition/recommend-recipes",
  "POST /api/nutrition/refine-photo",
  "POST /api/nutrition/shopping-list",
  "POST /api/nutrition/week-plan",
  "POST /api/push/register",
  "POST /api/push/send",
  "POST /api/push/subscribe",
  "POST /api/push/test",
  "POST /api/push/unregister",
  "POST /api/sync/pull",
  "POST /api/sync/pull-all",
  "POST /api/sync/push",
  "POST /api/sync/push-all",
  "POST /api/transcribe",
  "POST /api/v1/waitlist",
  "POST /api/waitlist",
  "POST /api/weekly-digest",
]
`;
